Microchip MPLAB XC8 Compiler V1.44 ()

Linker command line:

-W-3 --edf=C:\Program Files (x86)\Microchip\xc8\v1.44\dat\en_msgs.txt -cs \
  -h+dist/default/debug\nokia_1202_ste2007_display_driver.X.debug.sym \
  --cmf=dist/default/debug\nokia_1202_ste2007_display_driver.X.debug.cmf -z \
  -Q16F876A -oC:\Users\Pz\AppData\Local\Temp\s1f4.2 \
  -Mdist/default/debug/nokia_1202_ste2007_display_driver.X.debug.map -E1 \
  -ver=XC8 -ASTACK=0110h-016fh -pstack=STACK \
  -ACODE=00h-07FFhx3,01800h-01EFFh -ASTRCODE=00h-01EFFh \
  -ASTRING=00h-0FFhx31 -ACONST=00h-0FFhx31 -AENTRY=00h-0FFhx31 \
  -ACOMMON=071h-07Fh -ABANK0=020h-06Fh -ABANK1=0A0h-0EFh \
  -ABANK2=0110h-016Fh -ABANK3=0190h-01E4h \
  -ARAM=020h-06Fh,0A0h-0EFh,0110h-016Fh,0190h-01E4h \
  -AABS1=020h-07Fh,0A0h-0EFh,0110h-016Fh,0190h-01EFh -ASFR0=00h-01Fh \
  -ASFR1=080h-09Fh -ASFR2=0100h-010Fh -ASFR3=0180h-018Fh \
  -preset_vec=00h,intentry,init,end_init -ppowerup=CODE -pcinit=CODE \
  -pfunctab=ENTRY -ACONFIG=02007h-02007h -pconfig=CONFIG -DCONFIG=2 \
  -AIDLOC=02000h-02003h -pidloc=IDLOC -DIDLOC=2 -AEEDATA=00h-0FFh/02100h \
  -peeprom_data=EEDATA -DEEDATA=2 -DCODE=2 -DSTRCODE=2 -DSTRING=2 -DCONST=2 \
  -DENTRY=2 -k C:\Users\Pz\AppData\Local\Temp\s1f4.obj \
  dist/default/debug\nokia_1202_ste2007_display_driver.X.debug.obj 

Object code version is 3.11

Machine type is 16F876A



                Name                               Link     Load   Length Selector   Space Scale
C:\Users\Pz\AppData\Local\Temp\s1f4.obj
                end_init                              1        1        3        0       0
                reset_vec                             0        0        1        0       0
                config                             2007     2007        1     400E       0
dist/default/debug\nokia_1202_ste2007_display_driver.X.debug.obj
                cinit                               7F0      7F0       10      FE0       0
                text8                               4E2      4E2       21      9C4       0
                text7                               526      526       28      A4C       0
                text6                               637      637       D4      C6E       0
                text5                               576      576       2A      AEC       0
                text4                               54E      54E       28      A9C       0
                text3                               5A0      5A0       2B      B40       0
                text2                               503      503       23      A06       0
                text1                               70B      70B       E5      E16       0
                maintext                            5CB      5CB       2B      B96       0
                cstackBANK0                          20       20       49       20       1
                cstackCOMMON                         71       71        D       71       1
                inittext                            4D1      4D1       11      9A2       0
                dataBANK1                            A0       A0       41       A0       1
                stringtext                          800      800      512       10       0
                idataBANK1                          5F6      5F6       41      BEC       0

TOTAL           Name                               Link     Load   Length     Space
        CLASS   STACK          

        CLASS   CODE           
                end_init                              1        1        3         0
                cinit                               7F0      7F0       10         0
                reset_vec                             0        0        1         0
                text8                               4E2      4E2       21         0
                text7                               526      526       28         0
                text6                               637      637       D4         0
                text5                               576      576       2A         0
                text4                               54E      54E       28         0
                text3                               5A0      5A0       2B         0
                text2                               503      503       23         0
                text1                               70B      70B       E5         0
                maintext                            5CB      5CB       2B         0
                inittext                            4D1      4D1       11         0
                idataBANK1                          5F6      5F6       41         0

        CLASS   STRCODE        
                stringtext                          800      800      512         0

        CLASS   STRING         

        CLASS   CONST          

        CLASS   ENTRY          

        CLASS   COMMON         
                cstackCOMMON                         71       71        D         1

        CLASS   BANK0          
                cstackBANK0                          20       20       49         1

        CLASS   BANK1          
                dataBANK1                            A0       A0       41         1

        CLASS   BANK2          

        CLASS   BANK3          

        CLASS   RAM            

        CLASS   ABS1           
                abs_s1                               7E       7E        2         1

        CLASS   SFR0           

        CLASS   SFR1           

        CLASS   SFR2           

        CLASS   SFR3           

        CLASS   CONFIG         
                config                             2007     2007        1         0

        CLASS   IDLOC          

        CLASS   EEDATA         



SEGMENTS        Name                           Load    Length   Top    Selector   Space  Class     Delta

                reset_vec                      000000  000004  000004         0       0  CODE        2
                cstackBANK0                    000020  000049  000069        20       1  BANK0       1
                cstackCOMMON                   000071  00000D  00007E        71       1  COMMON      1
                dataBANK1                      0000A0  000041  0000E1        A0       1  BANK1       1
                inittext                       0004D1  000011  0004E2       9A2       0  CODE        2
                text8                          0004E2  000021  000503       9C4       0  CODE        2
                text2                          000503  000023  000526       A06       0  CODE        2
                text7                          000526  000028  00054E       A4C       0  CODE        2
                text4                          00054E  000028  000576       A9C       0  CODE        2
                text5                          000576  00002A  0005A0       AEC       0  CODE        2
                text3                          0005A0  00002B  0005CB       B40       0  CODE        2
                maintext                       0005CB  00002B  0005F6       B96       0  CODE        2
                idataBANK1                     0005F6  000041  000637       BEC       0  CODE        2
                text6                          000637  0000D4  00070B       C6E       0  CODE        2
                text1                          00070B  0000E5  0007F0       E16       0  CODE        2
                cinit                          0007F0  000010  000800       FE0       0  CODE        2
                stringtext                     000800  000512  000D12        10       0  STRCODE     2
                config                         002007  000001  002008      400E       0  CONFIG      2


UNUSED ADDRESS RANGES

        Name                Unused          Largest block    Delta
        BANK0            0069-006F              7           1
        BANK1            00E1-00EF              F           1
        BANK2            0110-016F             60           1
        BANK3            0190-01E4             55           1
        CODE             0004-04D0            4CD           2
                         0D12-1EFF            800
        CONST            0004-04D0            100           2
                         0D12-1EFF            100
        EEDATA           2100-21FF            100           2
        ENTRY            0004-04D0            100           2
                         0D12-1EFF            100
        IDLOC            2000-2003              4           2
        RAM              0069-006F              7           1
                         00E1-00EF              F
                         0110-016F             60
                         0190-01E4             55
        SFR0             0000-001F             20           1
        SFR1             0080-009F             20           1
        SFR2             0100-010F             10           1
        SFR3             0180-018F             10           1
        STACK            0110-016F             60           1
        STRCODE          0004-04D0            4CD           2
                         0D12-1EFF           11EE
        STRING           0004-04D0            100           2
                         0D12-1EFF            100

                                  Symbol Table

?___wmul                              cstackCOMMON 0071
_PORTBbits                            (abs)        0006
_TRISBbits                            (abs)        0086
__CFG_BOREN$OFF                       (abs)        0000
__CFG_CP$OFF                          (abs)        0000
__CFG_CPD$OFF                         (abs)        0000
__CFG_FOSC$HS                         (abs)        0000
__CFG_LVP$OFF                         (abs)        0000
__CFG_PWRTE$OFF                       (abs)        0000
__CFG_WDTE$OFF                        (abs)        0000
__CFG_WRT$OFF                         (abs)        0000
__Habs1                               abs1         0000
__Hbank0                              bank0        0000
__Hbank1                              bank1        0000
__Hbank2                              bank2        0000
__Hbank3                              bank3        0000
__Hcinit                              cinit        0800
__Hclrtext                            clrtext      0000
__Hcode                               code         0000
__Hcommon                             common       0000
__Hconfig                             config       2008
__HcstackBANK0                        cstackBANK0  0000
__HcstackCOMMON                       cstackCOMMON 0000
__HdataBANK1                          dataBANK1    0000
__Heeprom_data                        eeprom_data  0000
__Hend_init                           end_init     0004
__Hfunctab                            functab      0000
__HidataBANK1                         idataBANK1   0000
__Hidloc                              idloc        0000
__Hinit                               init         0001
__Hinittext                           inittext     0000
__Hintentry                           intentry     0001
__Hmaintext                           maintext     0000
__Hpowerup                            powerup      0000
__Hram                                ram          0000
__Hreset_vec                          reset_vec    0001
__Hsfr0                               sfr0         0000
__Hsfr1                               sfr1         0000
__Hsfr2                               sfr2         0000
__Hsfr3                               sfr3         0000
__Hspace_0                            (abs)        2008
__Hspace_1                            (abs)        00E1
__Hspace_2                            (abs)        0000
__Hspace_3                            (abs)        0000
__Hstack                              stack        0000
__Hstrings                            strings      0000
__Hstringtext                         stringtext   0000
__Htext                               text         0000
__Labs1                               abs1         0000
__Lbank0                              bank0        0000
__Lbank1                              bank1        0000
__Lbank2                              bank2        0000
__Lbank3                              bank3        0000
__Lcinit                              cinit        07F0
__Lclrtext                            clrtext      0000
__Lcode                               code         0000
__Lcommon                             common       0000
__Lconfig                             config       2007
__LcstackBANK0                        cstackBANK0  0000
__LcstackCOMMON                       cstackCOMMON 0000
__LdataBANK1                          dataBANK1    0000
__Leeprom_data                        eeprom_data  0000
__Lend_init                           end_init     0001
__Lfunctab                            functab      0000
__LidataBANK1                         idataBANK1   0000
__Lidloc                              idloc        0000
__Linit                               init         0001
__Linittext                           inittext     0000
__Lintentry                           intentry     0001
__Lmaintext                           maintext     0000
__Lpowerup                            powerup      0000
__Lram                                ram          0000
__Lreset_vec                          reset_vec    0000
__Lsfr0                               sfr0         0000
__Lsfr1                               sfr1         0000
__Lsfr2                               sfr2         0000
__Lsfr3                               sfr3         0000
__Lspace_0                            (abs)        0000
__Lspace_1                            (abs)        0000
__Lspace_2                            (abs)        0000
__Lspace_3                            (abs)        0000
__Lstack                              stack        0000
__Lstrings                            strings      0000
__Lstringtext                         stringtext   0000
__Ltext                               text         0000
__S0                                  (abs)        2008
__S1                                  (abs)        00E1
__S2                                  (abs)        0000
__S3                                  (abs)        0000
___int_sp                             stack        0000
___latbits                            (abs)        0002
___sp                                 stack        0000
___wmul                               text8        04E2
___wmul@multiplicand                  cstackCOMMON 0073
___wmul@multiplier                    cstackCOMMON 0071
___wmul@product                       cstackCOMMON 0075
__end_of___wmul                       text8        0503
__end_of__initialization              cinit        07FC
__end_of__stringtab                   stringtext   0812
__end_of_display_symbol               text6        070B
__end_of_display_symbols_array        text5        05A0
__end_of_main                         maintext     05F6
__end_of_nlcd_Font                    stringtext   0D12
__end_of_page_and_column_address_set  text3        05CB
__end_of_ste2007_display_driver       text1        07F0
__end_of_transmit_command             text4        0576
__end_of_transmit_data                text7        054E
__end_of_user_delay                   text2        0526
__initialization                      cinit        07F0
__pcstackBANK0                        cstackBANK0  0020
__pcstackCOMMON                       cstackCOMMON 0071
__pdataBANK1                          dataBANK1    00A0
__pidataBANK1                         idataBANK1   05F6
__pmaintext                           maintext     05CB
__pstringtext                         stringtext   0800
__ptext1                              text1        070B
__ptext2                              text2        0503
__ptext3                              text3        05A0
__ptext4                              text4        054E
__ptext5                              text5        0576
__ptext6                              text6        0637
__ptext7                              text7        0526
__ptext8                              text8        04E2
__size_of___wmul                      (abs)        0000
__size_of_display_symbol              (abs)        0000
__size_of_display_symbols_array       (abs)        0000
__size_of_main                        (abs)        0000
__size_of_page_and_column_address_set (abs)        0000
__size_of_ste2007_display_driver      (abs)        0000
__size_of_transmit_command            (abs)        0000
__size_of_transmit_data               (abs)        0000
__size_of_user_delay                  (abs)        0000
__stringbase                          stringtext   0812
__stringtab                           stringtext   0800
_display_symbol                       text6        0637
_display_symbols_array                text5        0576
_main                                 maintext     05CB
_nlcd_Font                            stringtext   0812
_page_and_column_address_set          text3        05A0
_ste2007_display_driver               text1        070B
_transmit_command                     text4        054E
_transmit_data                        text7        0526
_user_delay                           text2        0503
btemp                                 (abs)        007E
display_symbol@symbol                 cstackCOMMON 007B
display_symbols_array@array           cstackBANK0  0022
display_symbols_array@i               cstackBANK0  0020
end_of_initialization                 cinit        07FC
init_fetch0                           inittext     04D1
init_ram0                             inittext     04D5
intlevel0                             functab      0000
intlevel1                             functab      0000
intlevel2                             functab      0000
intlevel3                             functab      0000
intlevel4                             functab      0000
intlevel5                             functab      0000
page_and_column_address_set@c0        cstackCOMMON 0077
page_and_column_address_set@c1        cstackCOMMON 0079
page_and_column_address_set@column    cstackCOMMON 0074
page_and_column_address_set@page      cstackCOMMON 007B
reset_vec                             reset_vec    0000
stackhi                               (abs)        0000
stacklo                               (abs)        0000
start                                 init         0001
start_initialization                  cinit        07F0
ste2007_display_driver@F1023          dataBANK1    00B7
ste2007_display_driver@F1025          dataBANK1    00D5
ste2007_display_driver@F1027          dataBANK1    00C8
ste2007_display_driver@F1029          dataBANK1    00A0
ste2007_display_driver@first_line     cstackBANK0  005C
ste2007_display_driver@second_line    cstackBANK0  004F
ste2007_display_driver@space          cstackBANK0  003E
ste2007_display_driver@third_line     cstackBANK0  0027
ste2007_display_driver@word           cstackBANK0  0068
transmit_command@command              cstackCOMMON 0071
transmit_command@i                    cstackCOMMON 0072
transmit_data@data                    cstackCOMMON 0071
transmit_data@i                       cstackCOMMON 0072
user_delay@delay                      cstackCOMMON 0071
wtemp0                                (abs)        007E


FUNCTION INFORMATION:

 *************** function _main *****************
 Defined at:
		line 19 in file "main.c"
 Parameters:    Size  Location     Type
		None
 Auto vars:     Size  Location     Type
		None
 Return value:  Size  Location     Type
                  2   14[None  ] int 
 Registers used:
		wreg, fsr0l, fsr0h, status,2, status,0, btemp+1, pclath, cstack
 Tracked objects:
		On entry : 
		On exit  : 
		Unchanged: 
 Data sizes:     COMMON   BANK0   BANK1   BANK3   BANK2
      Params:         0       0       0       0       0
      Locals:         0       0       0       0       0
      Temps:          1       0       0       0       0
      Totals:         1       0       0       0       0
Total ram usage:        1 bytes
 Hardware stack levels required when called:    4
 This function calls:
		_page_and_column_address_set
		_ste2007_display_driver
 This function is called by:
		Startup code after reset
 This function uses a non-reentrant model


 *************** function _ste2007_display_driver *****************
 Defined at:
		line 85 in file "../STE2007_nokia1202_display_driver/nokia_1202_ste2007_display_driver.c"
 Parameters:    Size  Location     Type
  word            1    wreg     enum E989
 Auto vars:     Size  Location     Type
  word            1   72[BANK0 ] enum E989
  third_line     23    7[BANK0 ] unsigned char [23]
  second_line    13   47[BANK0 ] unsigned char [13]
  first_line     12   60[BANK0 ] unsigned char [12]
  space          17   30[BANK0 ] unsigned char [17]
 Return value:  Size  Location     Type
                  1    wreg      void 
 Registers used:
		wreg, fsr0l, fsr0h, status,2, status,0, btemp+1, pclath, cstack
 Tracked objects:
		On entry : 
		On exit  : 
		Unchanged: 
 Data sizes:     COMMON   BANK0   BANK1   BANK3   BANK2
      Params:         0       0       0       0       0
      Locals:         0      66       0       0       0
      Temps:          0       4       0       0       0
      Totals:         0      70       0       0       0
Total ram usage:       70 bytes
 Hardware stack levels used:    1
 Hardware stack levels required when called:    3
 This function calls:
		_display_symbols_array
		_page_and_column_address_set
		_transmit_command
		_user_delay
 This function is called by:
		_main
 This function uses a non-reentrant model


 *************** function _user_delay *****************
 Defined at:
		line 49 in file "../STE2007_nokia1202_display_driver/nokia_1202_ste2007_display_driver.c"
 Parameters:    Size  Location     Type
  delay           4    0[COMMON] unsigned long 
 Auto vars:     Size  Location     Type
		None
 Return value:  Size  Location     Type
                  1    wreg      void 
 Registers used:
		wreg
 Tracked objects:
		On entry : 
		On exit  : 
		Unchanged: 
 Data sizes:     COMMON   BANK0   BANK1   BANK3   BANK2
      Params:         4       0       0       0       0
      Locals:         0       0       0       0       0
      Temps:          4       0       0       0       0
      Totals:         8       0       0       0       0
Total ram usage:        8 bytes
 Hardware stack levels used:    1
 This function calls:
		Nothing
 This function is called by:
		_ste2007_display_driver
 This function uses a non-reentrant model


 *************** function _page_and_column_address_set *****************
 Defined at:
		line 71 in file "../STE2007_nokia1202_display_driver/nokia_1202_ste2007_display_driver.c"
 Parameters:    Size  Location     Type
  page            1    wreg     unsigned char 
  column          1    3[COMMON] unsigned char 
 Auto vars:     Size  Location     Type
  page            1   10[COMMON] unsigned char 
  c1              2    8[COMMON] int 
  c0              2    6[COMMON] int 
 Return value:  Size  Location     Type
                  1    wreg      void 
 Registers used:
		wreg, status,2, status,0, btemp+1, pclath, cstack
 Tracked objects:
		On entry : 
		On exit  : 
		Unchanged: 
 Data sizes:     COMMON   BANK0   BANK1   BANK3   BANK2
      Params:         1       0       0       0       0
      Locals:         5       0       0       0       0
      Temps:          2       0       0       0       0
      Totals:         8       0       0       0       0
Total ram usage:        8 bytes
 Hardware stack levels used:    1
 Hardware stack levels required when called:    1
 This function calls:
		_transmit_command
 This function is called by:
		_main
		_ste2007_display_driver
 This function uses a non-reentrant model


 *************** function _transmit_command *****************
 Defined at:
		line 3 in file "../STE2007_nokia1202_display_driver/nokia_1202_ste2007_display_driver.c"
 Parameters:    Size  Location     Type
  command         1    wreg     unsigned char 
 Auto vars:     Size  Location     Type
  command         1    0[COMMON] unsigned char 
  i               2    1[COMMON] int 
 Return value:  Size  Location     Type
                  1    wreg      void 
 Registers used:
		wreg, status,2, btemp+1
 Tracked objects:
		On entry : 
		On exit  : 
		Unchanged: 
 Data sizes:     COMMON   BANK0   BANK1   BANK3   BANK2
      Params:         0       0       0       0       0
      Locals:         3       0       0       0       0
      Temps:          0       0       0       0       0
      Totals:         3       0       0       0       0
Total ram usage:        3 bytes
 Hardware stack levels used:    1
 This function calls:
		Nothing
 This function is called by:
		_page_and_column_address_set
		_ste2007_display_driver
 This function uses a non-reentrant model


 *************** function _display_symbols_array *****************
 Defined at:
		line 61 in file "../STE2007_nokia1202_display_driver/nokia_1202_ste2007_display_driver.c"
 Parameters:    Size  Location     Type
  array           1    wreg     PTR unsigned char 
		 -> ste2007_display_driver@third_line(23), ste2007_display_driver@second_line(13), ste2007_display_driver@first_line(12), ste2007_display_driver@space(17), 
 Auto vars:     Size  Location     Type
  array           1    2[BANK0 ] PTR unsigned char 
		 -> ste2007_display_driver@third_line(23), ste2007_display_driver@second_line(13), ste2007_display_driver@first_line(12), ste2007_display_driver@space(17), 
  i               2    0[BANK0 ] int 
 Return value:  Size  Location     Type
                  1    wreg      void 
 Registers used:
		wreg, fsr0l, fsr0h, status,2, status,0, btemp+1, pclath, cstack
 Tracked objects:
		On entry : 
		On exit  : 
		Unchanged: 
 Data sizes:     COMMON   BANK0   BANK1   BANK3   BANK2
      Params:         0       0       0       0       0
      Locals:         0       3       0       0       0
      Temps:          1       0       0       0       0
      Totals:         1       3       0       0       0
Total ram usage:        4 bytes
 Hardware stack levels used:    1
 Hardware stack levels required when called:    2
 This function calls:
		_display_symbol
		_transmit_data
 This function is called by:
		_ste2007_display_driver
 This function uses a non-reentrant model


 *************** function _display_symbol *****************
 Defined at:
		line 52 in file "../STE2007_nokia1202_display_driver/nokia_1202_ste2007_display_driver.c"
 Parameters:    Size  Location     Type
  symbol          1    wreg     unsigned char 
 Auto vars:     Size  Location     Type
  symbol          1   10[COMMON] unsigned char 
 Return value:  Size  Location     Type
                  1    wreg      void 
 Registers used:
		wreg, fsr0l, fsr0h, status,2, status,0, btemp+1, pclath, cstack
 Tracked objects:
		On entry : 
		On exit  : 
		Unchanged: 
 Data sizes:     COMMON   BANK0   BANK1   BANK3   BANK2
      Params:         0       0       0       0       0
      Locals:         1       0       0       0       0
      Temps:          4       0       0       0       0
      Totals:         5       0       0       0       0
Total ram usage:        5 bytes
 Hardware stack levels used:    1
 Hardware stack levels required when called:    1
 This function calls:
		___wmul
		_transmit_data
 This function is called by:
		_display_symbols_array
 This function uses a non-reentrant model


 *************** function _transmit_data *****************
 Defined at:
		line 26 in file "../STE2007_nokia1202_display_driver/nokia_1202_ste2007_display_driver.c"
 Parameters:    Size  Location     Type
  data            1    wreg     unsigned char 
 Auto vars:     Size  Location     Type
  data            1    0[COMMON] unsigned char 
  i               2    1[COMMON] int 
 Return value:  Size  Location     Type
                  1    wreg      void 
 Registers used:
		wreg, status,2, btemp+1
 Tracked objects:
		On entry : 
		On exit  : 
		Unchanged: 
 Data sizes:     COMMON   BANK0   BANK1   BANK3   BANK2
      Params:         0       0       0       0       0
      Locals:         3       0       0       0       0
      Temps:          0       0       0       0       0
      Totals:         3       0       0       0       0
Total ram usage:        3 bytes
 Hardware stack levels used:    1
 This function calls:
		Nothing
 This function is called by:
		_display_symbol
		_display_symbols_array
 This function uses a non-reentrant model


 *************** function ___wmul *****************
 Defined at:
		line 15 in file "C:\Program Files (x86)\Microchip\xc8\v1.44\sources\common\Umul16.c"
 Parameters:    Size  Location     Type
  multiplier      2    0[COMMON] unsigned int 
  multiplicand    2    2[COMMON] unsigned int 
 Auto vars:     Size  Location     Type
  product         2    4[COMMON] unsigned int 
 Return value:  Size  Location     Type
                  2    0[COMMON] unsigned int 
 Registers used:
		wreg, status,2, status,0
 Tracked objects:
		On entry : 
		On exit  : 
		Unchanged: 
 Data sizes:     COMMON   BANK0   BANK1   BANK3   BANK2
      Params:         4       0       0       0       0
      Locals:         2       0       0       0       0
      Temps:          0       0       0       0       0
      Totals:         6       0       0       0       0
Total ram usage:        6 bytes
 Hardware stack levels used:    1
 This function calls:
		Nothing
 This function is called by:
		_display_symbol
 This function uses a non-reentrant model



MODULE INFORMATION

Module		Function		Class		Link	Load	Size
../STE2007_nokia1202_display_driver/nokia_1202_ste2007_display_driver.c
		_transmit_command		CODE           	054E	0000	41
		_transmit_data 		CODE           	0526	0000	41
		_user_delay    		CODE           	0503	0000	36
		_page_and_column_address_set		CODE           	05A0	0000	44
		_display_symbol		CODE           	0637	0000	213
		_display_symbols_array		CODE           	0576	0000	43
		_ste2007_display_driver		CODE           	070B	0000	230

../STE2007_nokia1202_display_driver/nokia_1202_ste2007_display_driver.c estimated size: 648

C:\Program Files (x86)\Microchip\xc8\v1.44\sources\common\Umul16.c
		___wmul        		CODE           	04E2	0000	34

C:\Program Files (x86)\Microchip\xc8\v1.44\sources\common\Umul16.c estimated size: 34

shared
		__stringtab    		STRCODE        	0800	0000	19
		_nlcd_Font     		STRCODE        	0812	0000	1281
		__initialization		CODE           	07F0	0000	13

shared estimated size: 1313

main.c
		_main          		CODE           	05CB	0000	44

main.c estimated size: 44

